501 INFO: PyInstaller: 6.22.2, contrib hooks: 2026.7
501 INFO: Python: 3.11.9
514 INFO: Platform: Windows-10-10.0.19045-SP0
514 INFO: Python environment: C:\Users\acer\AppData\Local\Programs\Python\Python311
529 INFO: Removing temporary files and cleaning cache in C:\Users\acer\AppData\Local\pyinstaller
INFO: Could not find files for the given pattern(s).
C:\Users\acer\AppData\Local\Programs\Python\Python311\Lib\site-packages\paddle\utils\cpp_extension\extension_utils.py:712: UserWarning: No ccache found. Please be aware that recompiling all source files may be required. You can download and install ccache from: https://github.com/ccache/ccache/blob/master/doc/INSTALL.md
  warnings.warn(warning_message)
13355 WARNING: Failed to collect submodules for 'paddle.tensorrt' because importing 'paddle.tensorrt' raised: AttributeError: module 'paddle.base.libpaddle' has no attribute 'register_paddle_plugin'
3396 WARNING: Failed to collect submodules for 'paddlex.inference.serving' because importing 'paddlex.inference.serving' raised: paddlex.utils.deps.DependencyError: The serving plugin is not available. Please install it properly.
INFO: Could not find files for the given pattern(s).
C:\Users\acer\AppData\Local\Programs\Python\Python311\Lib\site-packages\paddle\utils\cpp_extension\extension_utils.py:712: UserWarning: No ccache found. Please be aware that recompiling all source files may be required. You can download and install ccache from: https://github.com/ccache/ccache/blob/master/doc/INSTALL.md
  warnings.warn(warning_message)
50328 INFO: Module search paths (PYTHONPATH):
['C:\\Users\\acer\\Desktop\\LedgerLens\\o\\LedgerLens-main\\backend',
 'C:\\Users\\acer\\AppData\\Local\\Programs\\Python\\Python311\\python311.zip',
 'C:\\Users\\acer\\AppData\\Local\\Programs\\Python\\Python311\\DLLs',
 'C:\\Users\\acer\\AppData\\Local\\Programs\\Python\\Python311\\Lib',
 'C:\\Users\\acer\\AppData\\Local\\Programs\\Python\\Python311',
 'C:\\Users\\acer\\AppData\\Local\\Programs\\Python\\Python311\\Lib\\site-packages',
 'C:\\Users\\acer\\AppData\\Local\\Programs\\Python\\Python311\\Lib\\site-packages\\win32',
 'C:\\Users\\acer\\AppData\\Local\\Programs\\Python\\Python311\\Lib\\site-packages\\win32\\lib',
 'C:\\Users\\acer\\AppData\\Local\\Programs\\Python\\Python311\\Lib\\site-packages\\pythonwin',
 'C:\\Users\\acer\\Desktop\\LedgerLens\\o\\LedgerLens-main\\backend']
50739 INFO: Appending 'binaries' from .spec
50739 INFO: Appending 'datas' from .spec
51322 INFO: checking Analysis
51322 INFO: Building Analysis because Analysis-00.toc is non existent
51322 INFO: Looking for Python shared library...
51385 INFO: Using Python shared library: C:\Users\acer\AppData\Local\Programs\Python\Python311\python311.dll
51386 INFO: Running Analysis Analysis-00.toc
51386 INFO: Target bytecode optimization level: 0
51386 INFO: Initializing module dependency graph...
51387 INFO: Initializing module graph hook caches...
51432 INFO: Analyzing modules for base_library.zip ...
52651 INFO: Processing standard module hook 'hook-heapq.py' from 'C:\\Users\\acer\\AppData\\Local\\Programs\\Python\\Python311\\Lib\\site-packages\\PyInstaller\\hooks'
53159 INFO: Processing standard module hook 'hook-encodings.py' from 'C:\\Users\\acer\\AppData\\Local\\Programs\\Python\\Python311\\Lib\\site-packages\\PyInstaller\\hooks'
55678 INFO: Processing standard module hook 'hook-math.py' from 'C:\\Users\\acer\\AppData\\Local\\Programs\\Python\\Python311\\Lib\\site-packages\\PyInstaller\\hooks'
55863 INFO: Processing standard module hook 'hook-pickle.py' from 'C:\\Users\\acer\\AppData\\Local\\Programs\\Python\\Python311\\Lib\\site-packages\\PyInstaller\\hooks'
58980 INFO: Caching module dependency graph...
59047 INFO: Analyzing C:\Users\acer\Desktop\LedgerLens\o\LedgerLens-main\backend\server.py
59590 INFO: Processing standard module hook 'hook-multiprocessing.util.py' from 'C:\\Users\\acer\\AppData\\Local\\Programs\\Python\\Python311\\Lib\\site-packages\\PyInstaller\\hooks'
60024 INFO: Processing standard module hook 'hook-xml.py' from 'C:\\Users\\acer\\AppData\\Local\\Programs\\Python\\Python311\\Lib\\site-packages\\PyInstaller\\hooks'
60572 INFO: Processing standard module hook 'hook-_ctypes.py' from 'C:\\Users\\acer\\AppData\\Local\\Programs\\Python\\Python311\\Lib\\site-packages\\PyInstaller\\hooks'
62081 INFO: Processing standard module hook 'hook-platform.py' from 'C:\\Users\\acer\\AppData\\Local\\Programs\\Python\\Python311\\Lib\\site-packages\\PyInstaller\\hooks'
62351 INFO: Processing standard module hook 'hook-anyio.py' from 'C:\\Users\\acer\\AppData\\Local\\Programs\\Python\\Python311\\Lib\\site-packages\\_pyinstaller_hooks_contrib\\stdhooks'
63132 INFO: Processing pre-safe-import-module hook 'hook-typing_extensions.py' from 'C:\\Users\\acer\\AppData\\Local\\Programs\\Python\\Python311\\Lib\\site-packages\\PyInstaller\\hooks\\pre_safe_import_module'
63135 INFO: SetuptoolsInfo: initializing cached setuptools info...
64848 INFO: Processing standard module hook 'hook-pydantic.py' from 'C:\\Users\\acer\\AppData\\Local\\Programs\\Python\\Python311\\Lib\\site-packages\\_pyinstaller_hooks_contrib\\stdhooks'
66355 INFO: Processing standard module hook 'hook-zoneinfo.py' from 'C:\\Users\\acer\\AppData\\Local\\Programs\\Python\\Python311\\Lib\\site-packages\\_pyinstaller_hooks_contrib\\stdhooks'
66402 INFO: Processing standard module hook 'hook-sysconfig.py' from 'C:\\Users\\acer\\AppData\\Local\\Programs\\Python\\Python311\\Lib\\site-packages\\PyInstaller\\hooks'
69340 INFO: Processing standard module hook 'hook-difflib.py' from 'C:\\Users\\acer\\AppData\\Local\\Programs\\Python\\Python311\\Lib\\site-packages\\PyInstaller\\hooks'
69588 INFO: Processing standard module hook 'hook-scipy.py' from 'C:\\Users\\acer\\AppData\\Local\\Programs\\Python\\Python311\\Lib\\site-packages\\PyInstaller\\hooks'
70472 INFO: Processing standard module hook 'hook-numpy.py' from 'C:\\Users\\acer\\AppData\\Local\\Programs\\Python\\Python311\\Lib\\site-packages\\PyInstaller\\hooks'
73243 INFO: Processing standard module hook 'hook-webbrowser.py' from 'C:\\Users\\acer\\AppData\\Local\\Programs\\Python\\Python311\\Lib\\site-packages\\PyInstaller\\hooks'
73324 INFO: Processing standard module hook 'hook-psutil.py' from 'C:\\Users\\acer\\AppData\\Local\\Programs\\Python\\Python311\\Lib\\site-packages\\_pyinstaller_hooks_contrib\\stdhooks'
76217 INFO: Processing standard module hook 'hook-charset_normalizer.py' from 'C:\\Users\\acer\\AppData\\Local\\Programs\\Python\\Python311\\Lib\\site-packages\\_pyinstaller_hooks_contrib\\stdhooks'
76769 INFO: Processing standard module hook 'hook-pytest.py' from 'C:\\Users\\acer\\AppData\\Local\\Programs\\Python\\Python311\\Lib\\site-packages\\_pyinstaller_hooks_contrib\\stdhooks'
77392 INFO: Processing standard module hook 'hook-pygments.py' from 'C:\\Users\\acer\\AppData\\Local\\Programs\\Python\\Python311\\Lib\\site-packages\\PyInstaller\\hooks'
78673 INFO: Processing standard module hook 'hook-chardet.py' from 'C:\\Users\\acer\\AppData\\Local\\Programs\\Python\\Python311\\Lib\\site-packages\\_pyinstaller_hooks_contrib\\stdhooks'
79726 INFO: Processing standard module hook 'hook-py.py' from 'C:\\Users\\acer\\AppData\\Local\\Programs\\Python\\Python311\\Lib\\site-packages\\_pyinstaller_hooks_contrib\\stdhooks'
80003 INFO: Processing pre-safe-import-module hook 'hook-packaging.py' from 'C:\\Users\\acer\\AppData\\Local\\Programs\\Python\\Python311\\Lib\\site-packages\\PyInstaller\\hooks\\pre_safe_import_module'
80415 INFO: Processing pre-safe-import-module hook 'hook-tomli.py' from 'C:\\Users\\acer\\AppData\\Local\\Programs\\Python\\Python311\\Lib\\site-packages\\PyInstaller\\hooks\\pre_safe_import_module'
82193 INFO: Processing standard module hook 'hook-pkg_resources.py' from 'C:\\Users\\acer\\AppData\\Local\\Programs\\Python\\Python311\\Lib\\site-packages\\PyInstaller\\hooks'
83990 INFO: Processing standard module hook 'hook-pycparser.py' from 'C:\\Users\\acer\\AppData\\Local\\Programs\\Python\\Python311\\Lib\\site-packages\\_pyinstaller_hooks_contrib\\stdhooks'
84274 INFO: Processing standard module hook 'hook-setuptools.py' from 'C:\\Users\\acer\\AppData\\Local\\Programs\\Python\\Python311\\Lib\\site-packages\\PyInstaller\\hooks'
84295 INFO: Processing pre-safe-import-module hook 'hook-distutils.py' from 'C:\\Users\\acer\\AppData\\Local\\Programs\\Python\\Python311\\Lib\\site-packages\\PyInstaller\\hooks\\pre_safe_import_module'
84412 INFO: Processing pre-find-module-path hook 'hook-distutils.py' from 'C:\\Users\\acer\\AppData\\Local\\Programs\\Python\\Python311\\Lib\\site-packages\\PyInstaller\\hooks\\pre_find_module_path'
85237 INFO: Processing standard module hook 'hook-distutils.py' from 'C:\\Users\\acer\\AppData\\Local\\Programs\\Python\\Python311\\Lib\\site-packages\\PyInstaller\\hooks'
85413 INFO: Processing standard module hook 'hook-distutils.util.py' from 'C:\\Users\\acer\\AppData\\Local\\Programs\\Python\\Python311\\Lib\\site-packages\\PyInstaller\\hooks'
85503 INFO: Processing standard module hook 'hook-_osx_support.py' from 'C:\\Users\\acer\\AppData\\Local\\Programs\\Python\\Python311\\Lib\\site-packages\\PyInstaller\\hooks'
85865 INFO: Processing pre-safe-import-module hook 'hook-importlib_metadata.py' from 'C:\\Users\\acer\\AppData\\Local\\Programs\\Python\\Python311\\Lib\\site-packages\\PyInstaller\\hooks\\pre_safe_import_module'
87266 INFO: Processing standard module hook 'hook-scipy.special._ufuncs.py' from 'C:\\Users\\acer\\AppData\\Local\\Programs\\Python\\Python311\\Lib\\site-packages\\PyInstaller\\hooks'
88005 INFO: Processing standard module hook 'hook-scipy.linalg.py' from 'C:\\Users\\acer\\AppData\\Local\\Programs\\Python\\Python311\\Lib\\site-packages\\PyInstaller\\hooks'
92403 INFO: Processing standard module hook 'hook-scipy.spatial._ckdtree.py' from 'C:\\Users\\acer\\AppData\\Local\\Programs\\Python\\Python311\\Lib\\site-packages\\PyInstaller\\hooks'
93431 INFO: Processing standard module hook 'hook-scipy.spatial.transform.rotation.py' from 'C:\\Users\\acer\\AppData\\Local\\Programs\\Python\\Python311\\Lib\\site-packages\\PyInstaller\\hooks'
94192 INFO: Processing standard module hook 'hook-scipy.stats._stats.py' from 'C:\\Users\\acer\\AppData\\Local\\Programs\\Python\\Python311\\Lib\\site-packages\\PyInstaller\\hooks'
95149 INFO: Processing standard module hook 'hook-scipy.sparse.csgraph.py' from 'C:\\Users\\acer\\AppData\\Local\\Programs\\Python\\Python311\\Lib\\site-packages\\PyInstaller\\hooks'
96563 INFO: Processing standard module hook 'hook-scipy.special._ellip_harm_2.py' from 'C:\\Users\\acer\\AppData\\Local\\Programs\\Python\\Python311\\Lib\\site-packages\\PyInstaller\\hooks'
98878 INFO: Processing standard module hook 'hook-xml.dom.domreg.py' from 'C:\\Users\\acer\\AppData\\Local\\Programs\\Python\\Python311\\Lib\\site-packages\\PyInstaller\\hooks'
99321 INFO: Processing standard module hook 'hook-PIL.py' from 'C:\\Users\\acer\\AppData\\Local\\Programs\\Python\\Python311\\Lib\\site-packages\\PyInstaller\\hooks'
99547 INFO: Processing standard module hook 'hook-PIL.Image.py' from 'C:\\Users\\acer\\AppData\\Local\\Programs\\Python\\Python311\\Lib\\site-packages\\PyInstaller\\hooks'
100145 INFO: Processing standard module hook 'hook-xml.etree.cElementTree.py' from 'C:\\Users\\acer\\AppData\\Local\\Programs\\Python\\Python311\\Lib\\site-packages\\PyInstaller\\hooks'
100507 INFO: Processing standard module hook 'hook-PIL.ImageFilter.py' from 'C:\\Users\\acer\\AppData\\Local\\Programs\\Python\\Python311\\Lib\\site-packages\\PyInstaller\\hooks'
101187 INFO: Processing standard module hook 'hook-cryptography.py' from 'C:\\Users\\acer\\AppData\\Local\\Programs\\Python\\Python311\\Lib\\site-packages\\_pyinstaller_hooks_contrib\\stdhooks'
103026 INFO: hook-cryptography: cryptography does not seem to be using dynamically linked OpenSSL.
103277 INFO: Processing standard module hook 'hook-Crypto.py' from 'C:\\Users\\acer\\AppData\\Local\\Programs\\Python\\Python311\\Lib\\site-packages\\_pyinstaller_hooks_contrib\\stdhooks'
104696 INFO: Processing standard module hook 'hook-docx.py' from 'C:\\Users\\acer\\AppData\\Local\\Programs\\Python\\Python311\\Lib\\site-packages\\_pyinstaller_hooks_contrib\\stdhooks'
104921 INFO: Processing standard module hook 'hook-lxml.py' from 'C:\\Users\\acer\\AppData\\Local\\Programs\\Python\\Python311\\Lib\\site-packages\\_pyinstaller_hooks_contrib\\stdhooks'
105325 INFO: Processing standard module hook 'hook-lxml.etree.py' from 'C:\\Users\\acer\\AppData\\Local\\Programs\\Python\\Python311\\Lib\\site-packages\\_pyinstaller_hooks_contrib\\stdhooks'
105949 INFO: Processing standard module hook 'hook-openpyxl.py' from 'C:\\Users\\acer\\AppData\\Local\\Programs\\Python\\Python311\\Lib\\site-packages\\_pyinstaller_hooks_contrib\\stdhooks'
114422 INFO: Processing standard module hook 'hook-urllib3.py' from 'C:\\Users\\acer\\AppData\\Local\\Programs\\Python\\Python311\\Lib\\site-packages\\_pyinstaller_hooks_contrib\\stdhooks'
114562 INFO: Processing pre-safe-import-module hook 'hook-backports.py' from 'C:\\Users\\acer\\AppData\\Local\\Programs\\Python\\Python311\\Lib\\site-packages\\PyInstaller\\hooks\\pre_safe_import_module'
115090 INFO: Processing standard module hook 'hook-certifi.py' from 'C:\\Users\\acer\\AppData\\Local\\Programs\\Python\\Python311\\Lib\\site-packages\\_pyinstaller_hooks_contrib\\stdhooks'
116386 INFO: Processing standard module hook 'hook-ruamel.yaml.py' from 'C:\\Users\\acer\\AppData\\Local\\Programs\\Python\\Python311\\Lib\\site-packages\\_pyinstaller_hooks_contrib\\stdhooks'
119641 INFO: Processing standard module hook 'hook-sqlite3.py' from 'C:\\Users\\acer\\AppData\\Local\\Programs\\Python\\Python311\\Lib\\site-packages\\PyInstaller\\hooks'
127436 INFO: Processing standard module hook 'hook-pandas.py' from 'C:\\Users\\acer\\AppData\\Local\\Programs\\Python\\Python311\\Lib\\site-packages\\PyInstaller\\hooks'
134056 INFO: Processing standard module hook 'hook-pandas.io.formats.style.py' from 'C:\\Users\\acer\\AppData\\Local\\Programs\\Python\\Python311\\Lib\\site-packages\\PyInstaller\\hooks'
139553 INFO: Processing standard module hook 'hook-pandas.plotting.py' from 'C:\\Users\\acer\\AppData\\Local\\Programs\\Python\\Python311\\Lib\\site-packages\\PyInstaller\\hooks'
141641 INFO: Processing standard module hook 'hook-dateutil.py' from 'C:\\Users\\acer\\AppData\\Local\\Programs\\Python\\Python311\\Lib\\site-packages\\_pyinstaller_hooks_contrib\\stdhooks'
141981 INFO: Processing pre-safe-import-module hook 'hook-six.moves.py' from 'C:\\Users\\acer\\AppData\\Local\\Programs\\Python\\Python311\\Lib\\site-packages\\PyInstaller\\hooks\\pre_safe_import_module'
146698 INFO: Processing standard module hook 'hook-pandas.io.clipboard.py' from 'C:\\Users\\acer\\AppData\\Local\\Programs\\Python\\Python311\\Lib\\site-packages\\PyInstaller\\hooks'
147006 INFO: Processing standard module hook 'hook-fsspec.py' from 'C:\\Users\\acer\\AppData\\Local\\Programs\\Python\\Python311\\Lib\\site-packages\\_pyinstaller_hooks_contrib\\stdhooks'
150374 INFO: Processing pre-safe-import-module hook 'hook-importlib_resources.py' from 'C:\\Users\\acer\\AppData\\Local\\Programs\\Python\\Python311\\Lib\\site-packages\\PyInstaller\\hooks\\pre_safe_import_module'
193424 INFO: Processing pre-safe-import-module hook 'hook-tensorflow.py' from 'C:\\Users\\acer\\AppData\\Local\\Programs\\Python\\Python311\\Lib\\site-packages\\_pyinstaller_hooks_contrib\\pre_safe_import_module'
212780 INFO: Processing standard module hook 'hook-cv2.py' from 'C:\\Users\\acer\\AppData\\Local\\Programs\\Python\\Python311\\Lib\\site-packages\\_pyinstaller_hooks_contrib\\stdhooks'
251450 INFO: Processing standard module hook 'hook-scipy.io.matlab.py' from 'C:\\Users\\acer\\AppData\\Local\\Programs\\Python\\Python311\\Lib\\site-packages\\PyInstaller\\hooks'
257758 INFO: Processing standard module hook 'hook-shapely.py' from 'C:\\Users\\acer\\AppData\\Local\\Programs\\Python\\Python311\\Lib\\site-packages\\_pyinstaller_hooks_contrib\\stdhooks'
C:\Users\acer\AppData\Local\Programs\Python\Python311\Lib\site-packages\modelscope\models\cv\anydoor\ldm\models\diffusion\ddpm.py:235: SyntaxWarning: 'int' object is not callable; perhaps you missed a comma?
  tmp = self.betas**2 (tmp * (1 - self.alphas_cumprod))
292567 INFO: Processing pre-find-module-path hook 'hook-tkinter.py' from 'C:\\Users\\acer\\AppData\\Local\\Programs\\Python\\Python311\\Lib\\site-packages\\PyInstaller\\hooks\\pre_find_module_path'
293574 INFO: TclTkInfo: initializing cached Tcl/Tk info...
297786 INFO: Processing standard module hook 'hook-_tkinter.py' from 'C:\\Users\\acer\\AppData\\Local\\Programs\\Python\\Python311\\Lib\\site-packages\\PyInstaller\\hooks'
298516 INFO: Processing standard module hook 'hook-pypdfium2.py' from 'C:\\Users\\acer\\AppData\\Local\\Programs\\Python\\Python311\\Lib\\site-packages\\_pyinstaller_hooks_contrib\\stdhooks'
298565 INFO: Processing standard module hook 'hook-pypdfium2_raw.py' from 'C:\\Users\\acer\\AppData\\Local\\Programs\\Python\\Python311\\Lib\\site-packages\\_pyinstaller_hooks_contrib\\stdhooks'
300241 INFO: Processing standard module hook 'hook-prettytable.py' from 'C:\\Users\\acer\\AppData\\Local\\Programs\\Python\\Python311\\Lib\\site-packages\\_pyinstaller_hooks_contrib\\stdhooks'
300771 INFO: Processing standard module hook 'hook-wcwidth.py' from 'C:\\Users\\acer\\AppData\\Local\\Programs\\Python\\Python311\\Lib\\site-packages\\PyInstaller\\hooks'
326672 INFO: Processing standard module hook 'hook-reportlab.lib.utils.py' from 'C:\\Users\\acer\\AppData\\Local\\Programs\\Python\\Python311\\Lib\\site-packages\\_pyinstaller_hooks_contrib\\stdhooks'
328015 INFO: Processing standard module hook 'hook-reportlab.pdfbase._fontdata.py' from 'C:\\Users\\acer\\AppData\\Local\\Programs\\Python\\Python311\\Lib\\site-packages\\_pyinstaller_hooks_contrib\\stdhooks'
339169 INFO: Processing standard module hook 'hook-uvicorn.py' from 'C:\\Users\\acer\\AppData\\Local\\Programs\\Python\\Python311\\Lib\\site-packages\\_pyinstaller_hooks_contrib\\stdhooks'
340998 INFO: Processing standard module hook 'hook-websockets.py' from 'C:\\Users\\acer\\AppData\\Local\\Programs\\Python\\Python311\\Lib\\site-packages\\_pyinstaller_hooks_contrib\\stdhooks'
342179 INFO: Analyzing hidden import 'reportlab.graphics.barcode'
342466 INFO: Analyzing hidden import 'reportlab.graphics.barcode.code128'
342546 INFO: Analyzing hidden import 'reportlab.graphics.barcode.code39'
342764 INFO: Analyzing hidden import 'reportlab.graphics.barcode.code93'
344142 INFO: Analyzing hidden import 'reportlab.graphics.barcode.ecc200datamatrix'
344174 INFO: Analyzing hidden import 'reportlab.graphics.barcode.fourstate'
344177 INFO: Analyzing hidden import 'reportlab.graphics.barcode.lto'
344197 INFO: Analyzing hidden import 'reportlab.graphics.barcode.test'
344258 INFO: Analyzing hidden import 'reportlab.graphics.charts.axes'
345809 INFO: Analyzing hidden import 'reportlab.graphics.charts.barcharts'
345945 INFO: Analyzing hidden import 'reportlab.graphics.charts.dotbox'
347623 INFO: Analyzing hidden import 'reportlab.graphics.charts.doughnut'
347807 INFO: Analyzing hidden import 'reportlab.graphics.charts.markers'
347989 INFO: Analyzing hidden import 'reportlab.graphics.charts.slidebox'
348008 INFO: Analyzing hidden import 'reportlab.graphics.charts.spider'
348039 INFO: Analyzing hidden import 'reportlab.graphics.samples'
348045 INFO: Analyzing hidden import 'reportlab.graphics.samples.bubble'
348432 INFO: Analyzing hidden import 'reportlab.graphics.samples.clustered_bar'
348455 INFO: Analyzing hidden import 'reportlab.graphics.samples.clustered_column'
348471 INFO: Analyzing hidden import 'reportlab.graphics.samples.exploded_pie'
348489 INFO: Analyzing hidden import 'reportlab.graphics.samples.filled_radar'
348503 INFO: Analyzing hidden import 'reportlab.graphics.samples.line_chart'
348514 INFO: Analyzing hidden import 'reportlab.graphics.samples.linechart_with_markers'
348527 INFO: Analyzing hidden import 'reportlab.graphics.samples.radar'
348541 INFO: Analyzing hidden import 'reportlab.graphics.samples.runall'
348553 INFO: Analyzing hidden import 'reportlab.graphics.samples.scatter'
348566 INFO: Analyzing hidden import 'reportlab.graphics.samples.scatter_lines'
348582 INFO: Analyzing hidden import 'reportlab.graphics.samples.scatter_lines_markers'
348594 INFO: Analyzing hidden import 'reportlab.graphics.samples.simple_pie'
348607 INFO: Analyzing hidden import 'reportlab.graphics.samples.stacked_bar'
348625 INFO: Analyzing hidden import 'reportlab.graphics.samples.stacked_column'
348638 INFO: Analyzing hidden import 'reportlab.graphics.svgpath'
348672 INFO: Analyzing hidden import 'reportlab.graphics.testdrawings'
348848 INFO: Analyzing hidden import 'reportlab.graphics.widgets.adjustableArrow'
348866 INFO: Analyzing hidden import 'reportlab.graphics.widgets.eventcal'
348892 INFO: Analyzing hidden import 'reportlab.graphics.widgets.table'
348908 INFO: Analyzing hidden import 'reportlab.lib.codecharts'
349181 INFO: Analyzing hidden import 'reportlab.lib.extformat'
349349 INFO: Analyzing hidden import 'reportlab.lib.fontfinder'
349392 INFO: Analyzing hidden import 'reportlab.lib.pygments2xpre'
349574 INFO: Analyzing hidden import 'reportlab.lib.testutils'
349600 INFO: Analyzing hidden import 'reportlab.lib.yaml'
349623 INFO: Analyzing hidden import 'reportlab.pdfbase._can_cmap_data'
349633 INFO: Analyzing hidden import 'reportlab.pdfbase.pdfform'
349854 INFO: Analyzing hidden import 'reportlab.platypus.figures'
350073 INFO: Analyzing hidden import 'reportlab.platypus.para'
350457 INFO: Analyzing hidden import 'reportlab.platypus.tableofcontents'
351596 INFO: Analyzing hidden import 'reportlab.rl_settings'
351736 INFO: Analyzing hidden import 'paddleocr.__main__'
351989 INFO: Analyzing hidden import 'paddleocr._doc2md.converters.docx'
352182 INFO: Analyzing hidden import 'paddleocr._doc2md.converters.pptx'
352213 INFO: Analyzing hidden import 'paddleocr._doc2md.converters.xlsx'
352232 INFO: Analyzing hidden import 'paddle.base.default_scope_funcs'
352247 INFO: Analyzing hidden import 'paddle.base.proto.distributed_strategy_pb2'
352274 INFO: Analyzing hidden import 'paddle.base.proto.trainer_desc_pb2'
352294 INFO: Analyzing hidden import 'paddle.check_import_scipy'
352307 INFO: Analyzing hidden import 'paddle.cinn_config'
352314 INFO: Analyzing hidden import 'paddle.distributed.auto_parallel._utils'
352328 INFO: Analyzing hidden import 'paddle.distributed.auto_parallel.dygraph'
352336 INFO: Analyzing hidden import 'paddle.distributed.auto_parallel.fully_shard'
352356 INFO: Analyzing hidden import 'paddle.distributed.auto_parallel.pipelining'
352363 INFO: Analyzing hidden import 'paddle.distributed.auto_parallel.pipelining._backward'
352394 INFO: Analyzing hidden import 'paddle.distributed.auto_parallel.pipelining.microbatch'
352415 INFO: Analyzing hidden import 'paddle.distributed.auto_parallel.pipelining.schedules'
352803 INFO: Analyzing hidden import 'paddle.distributed.auto_parallel.static.auto_align_tool'
354182 INFO: Analyzing hidden import 'paddle.distributed.auto_parallel.static.process_mesh_v2'
354204 INFO: Analyzing hidden import 'paddle.distributed.auto_parallel.static.profiler_helper_static'
354227 INFO: Analyzing hidden import 'paddle.distributed.auto_tuner.cost_model'
354241 INFO: Analyzing hidden import 'paddle.distributed.auto_tuner.memory_cost_model'
354251 INFO: Analyzing hidden import 'paddle.distributed.elastic'
354261 INFO: Analyzing hidden import 'paddle.distributed.fleet.base.orthogonal_strategy'
354289 INFO: Analyzing hidden import 'paddle.distributed.fleet.meta_optimizers.parameter_server_optimizer'
354317 INFO: Analyzing hidden import 'paddle.distributed.fleet.meta_parallel.pp_utils.profiler_helper'
354327 INFO: Analyzing hidden import 'paddle.distributed.fleet.meta_parallel.sharding.group_sharded_fully_shard'
354354 INFO: Analyzing hidden import 'paddle.distributed.fleet.utils.hybrid_parallel_inference'
354378 INFO: Analyzing hidden import 'paddle.distributed.fleet.utils.pp_parallel_adaptor'
354405 INFO: Analyzing hidden import 'paddle.distributed.fsdp'
354639 INFO: Analyzing hidden import 'paddle.distributed.launch.__main__'
354647 INFO: Analyzing hidden import 'paddle.distributed.launch.context.event'
354654 INFO: Analyzing hidden import 'paddle.distributed.launch.context.resource'
354660 INFO: Analyzing hidden import 'paddle.distributed.launch.plugins.test'
354673 INFO: Analyzing hidden import 'paddle.distributed.metric'
354685 INFO: Analyzing hidden import 'paddle.distributed.models'
354687 INFO: Analyzing hidden import 'paddle.distributed.models.moe'
354689 INFO: Analyzing hidden import 'paddle.distributed.models.moe.utils'
354697 INFO: Analyzing hidden import 'paddle.distributed.ps.utils.collective_transpiler'
354727 INFO: Analyzing hidden import 'paddle.distributed.ps.utils.ps_infer_utils'
354729 INFO: Analyzing hidden import 'paddle.distributed.transpiler.geo_sgd_transpiler'
354751 INFO: Analyzing hidden import 'paddle.distributed.utils.process_utils'
354764 INFO: Analyzing hidden import 'paddle.incubate.autograd.generate_op_map'
354776 INFO: Analyzing hidden import 'paddle.incubate.distributed.fleet.collective'
354796 INFO: Analyzing hidden import 'paddle.incubate.distributed.fleet.fleet_util'
355073 INFO: Analyzing hidden import 'paddle.incubate.distributed.fleet.parameter_server.ir.ufind'
355077 INFO: Analyzing hidden import 'paddle.incubate.distributed.models'
355078 INFO: Analyzing hidden import 'paddle.incubate.distributed.models.moe'
355176 INFO: Analyzing hidden import 'paddle.inference.contrib'
355177 INFO: Analyzing hidden import 'paddle.inference.contrib.utils'
355184 INFO: Analyzing hidden import 'paddle.jit.layer'
355197 INFO: Analyzing hidden import 'paddle.nn.functional.transformer'
355203 INFO: Analyzing hidden import 'paddle.quantization.observers'
355221 INFO: Analyzing hidden import 'paddle.quantization.quanters'
355246 INFO: Analyzing hidden import 'paddlex.__main__'
355287 INFO: Analyzing hidden import 'paddlex.engine'
355292 INFO: Analyzing hidden import 'paddlex.inference.models.doc_vlm.processors.GOT_ocr_2_0'
355296 INFO: Analyzing hidden import 'paddlex.inference.models.doc_vlm.processors.paddleocr_vl'
355313 INFO: Analyzing hidden import 'paddlex.modules.base.utils.coco_eval'
355317 INFO: Analyzing hidden import 'paddlex.modules.base.utils.topk_eval'
355322 INFO: Analyzing hidden import 'paddlex.ops.setup'
355324 INFO: Analyzing hidden import 'paddlex.repo_apis.Paddle3D_api'
355347 INFO: Analyzing hidden import 'paddlex.repo_apis.PaddleClas_api'
355396 INFO: Analyzing hidden import 'paddlex.repo_apis.PaddleDetection_api'
355498 INFO: Analyzing hidden import 'paddlex.repo_apis.PaddleNLP_api'
355498 INFO: Analyzing hidden import 'paddlex.repo_apis.PaddleOCR_api'
355600 INFO: Analyzing hidden import 'paddlex.repo_apis.PaddleSeg_api'
355648 INFO: Analyzing hidden import 'paddlex.repo_apis.PaddleTS_api'
355718 INFO: Analyzing hidden import 'paddlex.repo_apis.PaddleVideo_api'
355800 INFO: Analyzing hidden import 'cv2.config'
355800 INFO: Analyzing hidden import 'cv2.config-3'
355812 INFO: Analyzing hidden import 'cv2.cv2'
355812 INFO: Analyzing hidden import 'cv2.data'
355818 INFO: Analyzing hidden import 'cv2.gapi'
355845 INFO: Analyzing hidden import 'cv2.load_config_py2'
355846 INFO: Analyzing hidden import 'cv2.mat_wrapper'
355846 INFO: Analyzing hidden import 'cv2.misc'
355868 INFO: Analyzing hidden import 'cv2.typing'
355882 INFO: Analyzing hidden import 'cv2.utils'
355889 INFO: Analyzing hidden import 'pypdfium2.__main__'
355933 INFO: Analyzing hidden import 'shapely._geos'
355933 INFO: Analyzing hidden import 'shapely.algorithms.polylabel'
355943 INFO: Analyzing hidden import 'shapely.conftest'
355946 INFO: Analyzing hidden import 'shapely.geos'
355946 INFO: Analyzing hidden import 'shapely.ops'
355984 INFO: Analyzing hidden import 'shapely.plotting'
355997 INFO: Analyzing hidden import 'shapely.speedups'
356004 INFO: Analyzing hidden import 'shapely.testing'
356016 INFO: Analyzing hidden import 'shapely.tests'
356017 INFO: Analyzing hidden import 'shapely.tests.common'
356036 INFO: Analyzing hidden import 'shapely.tests.geometry'
356037 INFO: Analyzing hidden import 'shapely.tests.geometry.test_collection'
356058 INFO: Analyzing hidden import 'shapely.tests.geometry.test_coords'
356074 INFO: Analyzing hidden import 'shapely.tests.geometry.test_decimal'
356089 INFO: Analyzing hidden import 'shapely.tests.geometry.test_emptiness'
356104 INFO: Analyzing hidden import 'shapely.tests.geometry.test_equality'
356121 INFO: Analyzing hidden import 'shapely.tests.geometry.test_format'
356127 INFO: Analyzing hidden import 'shapely.tests.geometry.test_geometry_base'
356157 INFO: Analyzing hidden import 'shapely.tests.geometry.test_hash'
356165 INFO: Analyzing hidden import 'shapely.tests.geometry.test_linestring'
356181 INFO: Analyzing hidden import 'shapely.tests.geometry.test_multi'
356188 INFO: Analyzing hidden import 'shapely.tests.geometry.test_multilinestring'
356199 INFO: Analyzing hidden import 'shapely.tests.geometry.test_multipoint'
356211 INFO: Analyzing hidden import 'shapely.tests.geometry.test_multipolygon'
356224 INFO: Analyzing hidden import 'shapely.tests.geometry.test_point'
356240 INFO: Analyzing hidden import 'shapely.tests.geometry.test_polygon'
356277 INFO: Analyzing hidden import 'shapely.tests.legacy'
356277 INFO: Analyzing hidden import 'shapely.tests.legacy.conftest'
356285 INFO: Analyzing hidden import 'shapely.tests.legacy.test_affinity'
356307 INFO: Analyzing hidden import 'shapely.tests.legacy.test_box'
356315 INFO: Analyzing hidden import 'shapely.tests.legacy.test_buffer'
356332 INFO: Analyzing hidden import 'shapely.tests.legacy.test_cga'
356341 INFO: Analyzing hidden import 'shapely.tests.legacy.test_clip_by_rect'
356353 INFO: Analyzing hidden import 'shapely.tests.legacy.test_create_inconsistent_dimensionality'
356368 INFO: Analyzing hidden import 'shapely.tests.legacy.test_delaunay'
356376 INFO: Analyzing hidden import 'shapely.tests.legacy.test_empty_polygons'
356385 INFO: Analyzing hidden import 'shapely.tests.legacy.test_equality'
356395 INFO: Analyzing hidden import 'shapely.tests.legacy.test_geointerface'
356406 INFO: Analyzing hidden import 'shapely.tests.legacy.test_invalid_geometries'
356415 INFO: Analyzing hidden import 'shapely.tests.legacy.test_linear_referencing'
356422 INFO: Analyzing hidden import 'shapely.tests.legacy.test_linemerge'
356435 INFO: Analyzing hidden import 'shapely.tests.legacy.test_locale'
356444 INFO: Analyzing hidden import 'shapely.tests.legacy.test_make_valid'
356458 INFO: Analyzing hidden import 'shapely.tests.legacy.test_mapping'
356465 INFO: Analyzing hidden import 'shapely.tests.legacy.test_minimum_clearance'
356472 INFO: Analyzing hidden import 'shapely.tests.legacy.test_ndarrays'
356481 INFO: Analyzing hidden import 'shapely.tests.legacy.test_nearest'
356489 INFO: Analyzing hidden import 'shapely.tests.legacy.test_operations'
356501 INFO: Analyzing hidden import 'shapely.tests.legacy.test_operators'
356511 INFO: Analyzing hidden import 'shapely.tests.legacy.test_orient'
356522 INFO: Analyzing hidden import 'shapely.tests.legacy.test_parallel_offset'
356532 INFO: Analyzing hidden import 'shapely.tests.legacy.test_persist'
356542 INFO: Analyzing hidden import 'shapely.tests.legacy.test_pickle'
356557 INFO: Analyzing hidden import 'shapely.tests.legacy.test_polygonize'
356569 INFO: Analyzing hidden import 'shapely.tests.legacy.test_polylabel'
356581 INFO: Analyzing hidden import 'shapely.tests.legacy.test_predicates'
356597 INFO: Analyzing hidden import 'shapely.tests.legacy.test_prepared'
356609 INFO: Analyzing hidden import 'shapely.tests.legacy.test_products_z'
356616 INFO: Analyzing hidden import 'shapely.tests.legacy.test_shape'
356627 INFO: Analyzing hidden import 'shapely.tests.legacy.test_shared_paths'
356639 INFO: Analyzing hidden import 'shapely.tests.legacy.test_singularity'
356646 INFO: Analyzing hidden import 'shapely.tests.legacy.test_snap'
356656 INFO: Analyzing hidden import 'shapely.tests.legacy.test_split'
356807 INFO: Analyzing hidden import 'shapely.tests.legacy.test_substring'
358470 INFO: Analyzing hidden import 'shapely.tests.legacy.test_svg'
358500 INFO: Analyzing hidden import 'shapely.tests.legacy.test_transform'
358517 INFO: Analyzing hidden import 'shapely.tests.legacy.test_union'
358535 INFO: Analyzing hidden import 'shapely.tests.legacy.test_validation'
358536 INFO: Analyzing hidden import 'shapely.tests.legacy.test_vectorized'
358549 INFO: Analyzing hidden import 'shapely.tests.legacy.test_voronoi_diagram'
358565 INFO: Analyzing hidden import 'shapely.tests.legacy.test_wkb'
358582 INFO: Analyzing hidden import 'shapely.tests.legacy.test_wkt'
358599 INFO: Analyzing hidden import 'shapely.tests.legacy.threading_test'
358620 INFO: Analyzing hidden import 'shapely.tests.test_constructive'
358699 INFO: Analyzing hidden import 'shapely.tests.test_coordinates'
358810 INFO: Analyzing hidden import 'shapely.tests.test_coverage'
358834 INFO: Analyzing hidden import 'shapely.tests.test_creation'
358867 INFO: Analyzing hidden import 'shapely.tests.test_creation_indices'
358911 INFO: Analyzing hidden import 'shapely.tests.test_decorators'
359113 INFO: Analyzing hidden import 'shapely.tests.test_geometry'
359411 INFO: Analyzing hidden import 'shapely.tests.test_io'
359489 INFO: Analyzing hidden import 'shapely.tests.test_linear'
359728 INFO: Analyzing hidden import 'shapely.tests.test_measurement'
359759 INFO: Analyzing hidden import 'shapely.tests.test_misc'
359775 INFO: Analyzing hidden import 'shapely.tests.test_plotting'
359790 INFO: Analyzing hidden import 'shapely.tests.test_predicates'
359812 INFO: Analyzing hidden import 'shapely.tests.test_ragged_array'
359844 INFO: Analyzing hidden import 'shapely.tests.test_set_operations'
359875 INFO: Analyzing hidden import 'shapely.tests.test_strtree'
359984 INFO: Analyzing hidden import 'shapely.tests.test_testing'
361687 INFO: Processing module hooks (post-graph stage)...
363675 WARNING: Hidden import "ascii__mypyc" not found!
363675 WARNING: Hidden import "confusion__mypyc" not found!
363676 WARNING: Hidden import "escape__mypyc" not found!
363676 WARNING: Hidden import "language__mypyc" not found!
363677 WARNING: Hidden import "magic__mypyc" not found!
363677 WARNING: Hidden import "orchestrator__mypyc" not found!
363678 WARNING: Hidden import "postprocess__mypyc" not found!
363678 WARNING: Hidden import "statistical__mypyc" not found!
363679 WARNING: Hidden import "structural__mypyc" not found!
363680 WARNING: Hidden import "utf1632__mypyc" not found!
363680 WARNING: Hidden import "utf8__mypyc" not found!
363681 WARNING: Hidden import "validity__mypyc" not found!
365564 INFO: Processing standard module hook 'hook-lxml.isoschematron.py' from 'C:\\Users\\acer\\AppData\\Local\\Programs\\Python\\Python311\\Lib\\site-packages\\_pyinstaller_hooks_contrib\\stdhooks'
365596 WARNING: Hidden import "pycparser.lextab" not found!
365596 WARNING: Hidden import "pycparser.yacctab" not found!
368981 INFO: Processing standard module hook 'hook-PIL.SpiderImagePlugin.py' from 'C:\\Users\\acer\\AppData\\Local\\Programs\\Python\\Python311\\Lib\\site-packages\\PyInstaller\\hooks'
369063 INFO: Processing pre-safe-import-module hook 'hook-win32com.py' from 'C:\\Users\\acer\\AppData\\Local\\Programs\\Python\\Python311\\Lib\\site-packages\\_pyinstaller_hooks_contrib\\pre_safe_import_module'
369182 INFO: Processing standard module hook 'hook-win32com.py' from 'C:\\Users\\acer\\AppData\\Local\\Programs\\Python\\Python311\\Lib\\site-packages\\_pyinstaller_hooks_contrib\\stdhooks'
369194 INFO: Processing standard module hook 'hook-pythoncom.py' from 'C:\\Users\\acer\\AppData\\Local\\Programs\\Python\\Python311\\Lib\\site-packages\\_pyinstaller_hooks_contrib\\stdhooks'
369330 INFO: Processing standard module hook 'hook-pywintypes.py' from 'C:\\Users\\acer\\AppData\\Local\\Programs\\Python\\Python311\\Lib\\site-packages\\_pyinstaller_hooks_contrib\\stdhooks'
379812 WARNING: Hidden import "scipy.special._cdflib" not found!
379995 INFO: Processing standard module hook 'hook-setuptools._vendor.importlib_metadata.py' from 'C:\\Users\\acer\\AppData\\Local\\Programs\\Python\\Python311\\Lib\\site-packages\\PyInstaller\\hooks'
380329 INFO: Processing standard module hook 'hook-setuptools._vendor.jaraco.text.py' from 'C:\\Users\\acer\\AppData\\Local\\Programs\\Python\\Python311\\Lib\\site-packages\\PyInstaller\\hooks'
382461 INFO: Processing standard module hook 'hook-_tkinter.py' from 'C:\\Users\\acer\\AppData\\Local\\Programs\\Python\\Python311\\Lib\\site-packages\\PyInstaller\\hooks'
382463 INFO: Processing standard module hook 'hook-lxml.objectify.py' from 'C:\\Users\\acer\\AppData\\Local\\Programs\\Python\\Python311\\Lib\\site-packages\\_pyinstaller_hooks_contrib\\stdhooks'
382463 INFO: Processing standard module hook 'hook-tzdata.py' from 'C:\\Users\\acer\\AppData\\Local\\Programs\\Python\\Python311\\Lib\\site-packages\\_pyinstaller_hooks_contrib\\stdhooks'
384255 INFO: Performing binary vs. data reclassification (7121 entries)
410073 INFO: Looking for ctypes DLLs
411523 INFO: Analyzing run-time hooks ...
411589 INFO: Including run-time hook 'pyi_rth_inspect.py' from 'C:\\Users\\acer\\AppData\\Local\\Programs\\Python\\Python311\\Lib\\site-packages\\PyInstaller\\hooks\\rthooks'
411589 INFO: Including run-time hook 'pyi_rth_pkgutil.py' from 'C:\\Users\\acer\\AppData\\Local\\Programs\\Python\\Python311\\Lib\\site-packages\\PyInstaller\\hooks\\rthooks'
411605 INFO: Including run-time hook 'pyi_rth_multiprocessing.py' from 'C:\\Users\\acer\\AppData\\Local\\Programs\\Python\\Python311\\Lib\\site-packages\\PyInstaller\\hooks\\rthooks'
411606 INFO: Including run-time hook 'pyi_rth_pkgres.py' from 'C:\\Users\\acer\\AppData\\Local\\Programs\\Python\\Python311\\Lib\\site-packages\\PyInstaller\\hooks\\rthooks'
411619 INFO: Including run-time hook 'pyi_rth_pywintypes.py' from 'C:\\Users\\acer\\AppData\\Local\\Programs\\Python\\Python311\\Lib\\site-packages\\_pyinstaller_hooks_contrib\\rthooks'
411622 INFO: Including run-time hook 'pyi_rth_pythoncom.py' from 'C:\\Users\\acer\\AppData\\Local\\Programs\\Python\\Python311\\Lib\\site-packages\\_pyinstaller_hooks_contrib\\rthooks'
411622 INFO: Including run-time hook 'pyi_rth_setuptools.py' from 'C:\\Users\\acer\\AppData\\Local\\Programs\\Python\\Python311\\Lib\\site-packages\\PyInstaller\\hooks\\rthooks'
411622 INFO: Including run-time hook 'pyi_rth_cryptography_openssl.py' from 'C:\\Users\\acer\\AppData\\Local\\Programs\\Python\\Python311\\Lib\\site-packages\\_pyinstaller_hooks_contrib\\rthooks'
411633 INFO: Including run-time hook 'pyi_rth__tkinter.py' from 'C:\\Users\\acer\\AppData\\Local\\Programs\\Python\\Python311\\Lib\\site-packages\\PyInstaller\\hooks\\rthooks'
412184 INFO: Creating base_library.zip...
412272 INFO: Looking for dynamic libraries
C:\Users\acer\AppData\Local\Programs\Python\Python311\Lib\site-packages\_distutils_hack\__init__.py:33: UserWarning: Setuptools is replacing distutils.
  warnings.warn("Setuptools is replacing distutils.")
INFO: Could not find files for the given pattern(s).
C:\Users\acer\AppData\Local\Programs\Python\Python311\Lib\site-packages\paddle\utils\cpp_extension\extension_utils.py:712: UserWarning: No ccache found. Please be aware that recompiling all source files may be required. You can download and install ccache from: https://github.com/ccache/ccache/blob/master/doc/INSTALL.md
  warnings.warn(warning_message)
440051 INFO: Extra DLL search directories (AddDllDirectory): ['C:\\Users\\acer\\AppData\\Local\\Programs\\Python\\Python311\\Lib\\site-packages\\shapely.libs', 'C:\\Users\\acer\\AppData\\Local\\Programs\\Python\\Python311\\Lib\\site-packages\\numpy.libs', 'C:\\Users\\acer\\AppData\\Local\\Programs\\Python\\Python311\\Lib\\site-packages\\cv2\\../../x64/vc14/bin', 'C:\\Users\\acer\\AppData\\Local\\Programs\\Python\\Python311\\Lib\\site-packages\\pandas.libs', 'C:\\Users\\acer\\AppData\\Local\\Programs\\Python\\Python311\\Lib\\site-packages\\scipy.libs', 'C:\\Users\\acer\\AppData\\Local\\Programs\\Python\\Python311\\Lib\\site-packages\\paddle\\base\\..\\libs']
440051 INFO: Extra DLL search directories (PATH): ['C:\\Users\\acer\\AppData\\Local\\Programs\\Python\\Python311\\Lib\\site-packages\\paddle\\base', 'C:\\Users\\acer\\AppData\\Local\\Programs\\Python\\Python311\\Lib\\site-packages\\paddle\\base\\..\\libs', 'C:\\Users\\acer\\AppData\\Local\\Programs\\Python\\Python311\\Lib\\site-packages\\cv2\\../../x64/vc14/bin']
451619 INFO: Warnings written to C:\Users\acer\Desktop\LedgerLens\o\LedgerLens-main\backend\build\ledgerlens-backend-x86_64-pc-windows-msvc\warn-ledgerlens-backend-x86_64-pc-windows-msvc.txt
453640 INFO: Graph cross-reference written to C:\Users\acer\Desktop\LedgerLens\o\LedgerLens-main\backend\build\ledgerlens-backend-x86_64-pc-windows-msvc\xref-ledgerlens-backend-x86_64-pc-windows-msvc.html
455698 INFO: checking PYZ
455698 INFO: Building PYZ because PYZ-00.toc is non existent
455698 INFO: Building PYZ (ZlibArchive) C:\Users\acer\Desktop\LedgerLens\o\LedgerLens-main\backend\build\ledgerlens-backend-x86_64-pc-windows-msvc\PYZ-00.pyz
462879 INFO: Building PYZ (ZlibArchive) C:\Users\acer\Desktop\LedgerLens\o\LedgerLens-main\backend\build\ledgerlens-backend-x86_64-pc-windows-msvc\PYZ-00.pyz completed successfully.
463908 INFO: checking PKG
463908 INFO: Building PKG because PKG-00.toc is non existent
463908 INFO: Building PKG (CArchive) ledgerlens-backend-x86_64-pc-windows-msvc.pkg
565409 INFO: Building PKG (CArchive) ledgerlens-backend-x86_64-pc-windows-msvc.pkg completed successfully.
565676 INFO: Bootloader C:\Users\acer\AppData\Local\Programs\Python\Python311\Lib\site-packages\PyInstaller\bootloader\Windows-64bit-intel\run.exe
565676 INFO: checking EXE
565676 INFO: Building EXE because EXE-00.toc is non existent
565676 INFO: Building EXE from EXE-00.toc
565676 INFO: Copying bootloader EXE to C:\Users\acer\Desktop\LedgerLens\o\LedgerLens-main\backend\dist\ledgerlens-backend-x86_64-pc-windows-msvc.exe
565842 INFO: Copying icon to EXE
565890 INFO: Copying 0 resources to EXE
565890 INFO: Embedding manifest in EXE
565926 INFO: Appending PKG archive to EXE
566741 INFO: Fixing EXE headers
570340 INFO: Building EXE from EXE-00.toc completed successfully.
570588 INFO: Build complete! The results are available in: C:\Users\acer\Desktop\LedgerLens\o\LedgerLens-main\backend\dist
